test memo
